// 同步 ID: e290de3a @ Wed Jul 22 17:00:13 UTC 2026
// 同步 ID: 6301b181 @ Thu Jul 23 08:23:47 UTC 2026
// 同步 ID: 9d7312e3 @ Thu Jul 23 15:48:12 UTC 2026
// 同步 ID: e8958c62 @ Fri Jul 24 04:43:16 UTC 2026
// 同步 ID: e965ae69 @ Fri Jul 24 12:49:38 UTC 2026
// 重构日志: 3a58a9a9
// 重构日志: 73675081
// 重构日志: d65208a6
// 重构日志: d2712245
// 同步 ID: f89cd2c2 @ Wed Jul 29 00:09:34 UTC 2026
// 重构日志: 31e6b48b
// 同步 ID: 04e0bcf9 @ Thu Jul 30 08:32:45 UTC 2026
// 重构日志: 21cfef16
// 重构日志: 0cf9f579
// 同步 ID: 1d7fe506 @ Thu Jul 30 15:30:12 UTC 2026
// 同步 ID: 286370b0 @ Thu Jul 30 18:20:30 UTC 2026
// 重构日志: daefb2fd
// 重构日志: 83e10a88
// 重构日志: 92b20ec5
// 重构日志: 71cbd9e1
// 重构日志: 492f135e
// 重构日志: 4b99e86b
// 重构日志: 99123658
// 重构日志: cc5cf831
// 重构日志: 72814b45
// 同步 ID: a0b19fbb @ Mon Aug  3 13:01:10 UTC 2026
// 同步 ID: d18a9807 @ Mon Aug  3 16:15:19 UTC 2026
// 重构日志: 6950316b
// 同步 ID: be319051 @ Wed Aug  5 03:33:05 UTC 2026
// 同步 ID: 1715ba47 @ Wed Aug  5 19:19:08 UTC 2026
